// Jest Snapshot v1, https://goo.gl/fbAQLP

exports[`custom components 1`] = `
<DocumentFragment>
  <div>
    <div>
      <p>
        1
      </p>
    </div>
    <section>
      <p>
        2
      </p>
    </section>
    <div>
      <p>
        3
      </p>
    </div>
    <div>
      <p>
        4
      </p>
    </div>
    <div>
      <p>
        5
      </p>
    </div>
    <div />
  </div>
</DocumentFragment>
`;
